g++ : In file included from civilization_mapper.cpp:27:0:
At line:1 char:1
+ g++ -std=c++17 -o server.exe civilization_mapper.cpp -lws2_32 
-lwsock ...
+ 
~~~~~~~~~~~~~~~~~~~~~~~~~~~~~~~~~~~~~~~~~~~~~~~~~~~~~~~~~~~~~~~~~~~~~
    + CategoryInfo          : NotSpecified: (In file include...apper. 
   cpp:27:0::String) [], RemoteException
    + FullyQualifiedErrorId : NativeCommandError
 
httplib.h:1449:30: error: 'std::thread' has not been declared
   void move_to_finished(std::thread::id id);
                              ^~~~~~
httplib.h:1449:41: error: expected ',' or '...' before 'id'
   void move_to_finished(std::thread::id id);
                                         ^~
httplib.h:1460:15: error: 'thread' is not a member of 'std'
   std::vector<std::thread> threads_;       // base threads
               ^~~
httplib.h:1460:26: error: template argument 1 is invalid
   std::vector<std::thread> threads_;       // base threads
                          ^
httplib.h:1460:26: error: template argument 2 is invalid
httplib.h:1461:13: error: 'thread' is not a member of 'std'
   std::list<std::thread> dynamic_threads_; // dynamic threads
             ^~~
httplib.h:1461:24: error: template argument 1 is invalid
   std::list<std::thread> dynamic_threads_; // dynamic threads
                        ^
httplib.h:1461:24: error: template argument 2 is invalid
httplib.h:1462:15: error: 'thread' is not a member of 'std'
   std::vector<std::thread>
               ^~~
httplib.h:1462:26: error: template argument 1 is invalid
   std::vector<std::thread>
                          ^
httplib.h:1462:26: error: template argument 2 is invalid
httplib.h:1465:8: error: 'condition_variable' in namespace 'std' does 
not name a type
   std::condition_variable cond_;
        ^~~~~~~~~~~~~~~~~~
httplib.h:1466:8: error: 'mutex' in namespace 'std' does not name a 
type
   std::mutex mutex_;
        ^~~~~
httplib.h:1817:16: error: 'mutex' in namespace 'std' does not name a 
type
   mutable std::mutex logger_mutex_;
                ^~~~~
In file included from civilization_mapper.cpp:27:0:
httplib.h:2235:16: error: 'mutex' in namespace 'std' does not name a 
type
   mutable std::mutex socket_mutex_;
                ^~~~~
httplib.h:2236:8: error: 'recursive_mutex' in namespace 'std' does 
not name a type
   std::recursive_mutex request_mutex_;
        ^~~~~~~~~~~~~~~
httplib.h:2240:8: error: 'thread' in namespace 'std' does not name a 
type
   std::thread::id socket_requests_are_from_thread_ = 
std::thread::id();
        ^~~~~~
httplib.h:2294:16: error: 'mutex' in namespace 'std' does not name a 
type
   mutable std::mutex logger_mutex_;
                ^~~~~
httplib.h:3704:8: error: 'thread' in namespace 'std' does not name a 
type
   std::thread async_thread_;
        ^~~~~~
httplib.h:3779:8: error: 'mutex' in namespace 'std' does not name a 
type
   std::mutex write_mutex_;
        ^~~~~
httplib.h:3780:8: error: 'thread' in namespace 'std' does not name a 
type
   std::thread ping_thread_;
        ^~~~~~
httplib.h:3781:8: error: 'mutex' in namespace 'std' does not name a 
type
   std::mutex ping_mutex_;
        ^~~~~
httplib.h:3782:8: error: 'condition_variable' in namespace 'std' does 
not name a type
   std::condition_variable ping_cv_;
        ^~~~~~~~~~~~~~~~~~
httplib.h: In member function 'void 
httplib::sse::SSEClient::start_async()':
httplib.h:4008:3: error: 'async_thread_' was not declared in this 
scope
   async_thread_ = std::thread([this]() { run_event_loop(); });
   ^~~~~~~~~~~~~
httplib.h:4008:19: error: 'thread' is not a member of 'std'
   async_thread_ = std::thread([this]() { run_event_loop(); });
                   ^~~
httplib.h: In member function 'void httplib::sse::SSEClient::stop()':
httplib.h:4014:7: error: 'async_thread_' was not declared in this 
scope
   if (async_thread_.joinable()) { async_thread_.join(); }
       ^~~~~~~~~~~~~
httplib.h: In member function 'void 
httplib::sse::SSEClient::wait_for_reconnect()':
httplib.h:4191:10: error: 'std::this_thread' has not been declared
     std::this_thread::sleep_for(std::chrono::milliseconds(100));
          ^~~~~~~~~~~
httplib.h: In function 'std::__cxx11::string 
httplib::detail::file_mtime_to_http_date(time_t)':
httplib.h:4392:31: error: 'gmtime_s' was not declared in this scope
   if (gmtime_s(&tm_buf, &mtime) != 0) { return std::string(); }
                               ^
httplib.h: In function 'time_t httplib::detail::parse_http_date(const 
string&)':
httplib.h:4434:27: error: '_mkgmtime' was not declared in this scope
   return _mkgmtime(&tm_buf);
                           ^
httplib.h: In function 'bool httplib::detail::canonicalize_path(const 
char*, std::__cxx11::string&)':
httplib.h:4880:12: error: '_MAX_PATH' was not declared in this scope
   char buf[_MAX_PATH];
            ^~~~~~~~~
httplib.h:4881:17: error: 'buf' was not declared in this scope
   if (_fullpath(buf, path, _MAX_PATH) == nullptr) { return false; }
                 ^~~
httplib.h:4881:37: error: '_fullpath' was not declared in this scope
   if (_fullpath(buf, path, _MAX_PATH) == nullptr) { return false; }
                                     ^
httplib.h:4882:14: error: 'buf' was not declared in this scope
   resolved = buf;
              ^~~
httplib.h: In function 'bool 
httplib::detail::is_path_within_base(const string&, const string&)':
httplib.h:4895:40: error: '_strnicmp' was not declared in this scope
                    resolved_base.size()) == 0;
                                        ^
httplib.h: In constructor 'httplib::detail::FileStat::FileStat(const 
string&)':
httplib.h:4905:36: error: '_wstat' was not declared in this scope
   ret_ = _wstat(wpath.c_str(), &st_);
                                    ^
httplib.h: In member function 'bool httplib::detail::mmap::open(const 
char*)':
httplib.h:5307:12: error: '::CreateFile2' has not been declared
   hFile_ = ::CreateFile2(wpath.c_str(), GENERIC_READ, 
FILE_SHARE_READ,
            ^~
httplib.h:5325:7: error: '::CreateFileMappingFromApp' has not been 
declared
       ::CreateFileMappingFromApp(hFile_, NULL, PAGE_READONLY, size_, 
NULL);
       ^~
httplib.h:5339:11: error: '::MapViewOfFileFromApp' has not been 
declared
   addr_ = ::MapViewOfFileFromApp(hMapping_, FILE_MAP_READ, 0, 0);
           ^~
httplib.h: In function 'ssize_t httplib::detail::handle_EINTR(T)':
httplib.h:5423:12: error: 'std::this_thread' has not been declared
       std::this_thread::sleep_for(std::chrono::microseconds{1});
            ^~~~~~~~~~~
httplib.h: In function 'int 
httplib::detail::poll_wrapper(httplib::detail::pollfd*, nfds_t, int)':
httplib.h:5458:10: error: '::WSAPoll' has not been declared
   return ::WSAPoll(fds, nfds, timeout);
          ^~
httplib.h: In function 'ssize_t 
httplib::detail::select_impl(socket_t, short int, time_t, time_t)':
httplib.h:5466:17: error: aggregate 'httplib::detail::pollfd pfd' has 
incomplete type and cannot be defined
   struct pollfd pfd;
                 ^~~
httplib.h: In function 'ssize_t 
httplib::detail::select_read(socket_t, time_t, time_t)':
httplib.h:5477:28: error: 'POLLIN' was not declared in this scope
   return select_impl(sock, POLLIN, sec, usec);
                            ^~~~~~
httplib.h: In function 'ssize_t 
httplib::detail::select_write(socket_t, time_t, time_t)':
httplib.h:5481:28: error: 'POLLOUT' was not declared in this scope
   return select_impl(sock, POLLOUT, sec, usec);
                            ^~~~~~~
httplib.h: In function 'httplib::Error 
httplib::detail::wait_until_socket_is_ready(socket_t, time_t, 
time_t)':
httplib.h:5486:17: error: aggregate 'httplib::detail::pollfd 
pfd_read' has incomplete type and cannot be defined
   struct pollfd pfd_read;
                 ^~~~~~~~
httplib.h:5488:21: error: 'POLLIN' was not declared in this scope
   pfd_read.events = POLLIN | POLLOUT;
                     ^~~~~~
httplib.h:5488:30: error: 'POLLOUT' was not declared in this scope
   pfd_read.events = POLLIN | POLLOUT;
                              ^~~~~~~
httplib.h: In function 'int 
httplib::detail::getaddrinfo_with_timeout(const char*, const char*, 
const addrinfo*, addrinfo**, time_t)':
httplib.h:5998:47: error: 'getaddrinfo' was not declared in this scope
   return getaddrinfo(node, service, hints, res);
                                               ^
httplib.h: In lambda function:
httplib.h:6083:57: warning: there are no arguments to 'freeaddrinfo' 
that depend on a template parameter, so a declaration of 
'freeaddrinfo' must be available [-fpermissive]
   auto se = detail::scope_exit([&] { freeaddrinfo(result); });
                                                         ^
httplib.h: In function 'socket_t httplib::detail::create_socket(const 
string&, const string&, int, int, int, bool, bool, 
httplib::SocketOptions, BindOrConnect, time_t)':
httplib.h:6130:42: error: 'IPV6_V6ONLY' was not declared in this scope
       set_socket_opt(sock, IPPROTO_IPV6, IPV6_V6ONLY, ipv6_v6only ? 
1 : 0);
                                          ^~~~~~~~~~~
httplib.h: In lambda function:
httplib.h:6179:57: error: 'freeaddrinfo' was not declared in this 
scope
   auto se = detail::scope_exit([&] { freeaddrinfo(result); });
                                                         ^
httplib.h: In function 'bool httplib::detail::get_ip_and_port(const 
sockaddr_storage&, socklen_t, std::__cxx11::string&, int&)':
httplib.h:6309:36: error: 'getnameinfo' was not declared in this scope
                   0, NI_NUMERICHOST)) {
                                    ^
httplib.h: In lambda function:
httplib.h:9276:57: error: 'freeaddrinfo' was not declared in this 
scope
   auto se = detail::scope_exit([&] { freeaddrinfo(result); });
                                                         ^
httplib.h: In constructor 'httplib::ThreadPool::ThreadPool(size_t, 
size_t, size_t)':
httplib.h:9951:12: error: request for member 'reserve' in 
'((httplib::ThreadPool*)this)->httplib::ThreadPool::threads_', which 
is of non-class type 'int'
   threads_.reserve(base_thread_count_);
            ^~~~~~~
httplib.h:9953:14: error: request for member 'emplace_back' in 
'((httplib::ThreadPool*)this)->httplib::ThreadPool::threads_', which 
is of non-class type 'int'
     threads_.emplace_back(std::thread([this]() { worker(false); }));
              ^~~~~~~~~~~~
httplib.h:9953:27: error: 'thread' is not a member of 'std'
     threads_.emplace_back(std::thread([this]() { worker(false); }));
                           ^~~
httplib.h: In member function 'virtual bool 
httplib::ThreadPool::enqueue(std::function<void()>)':
httplib.h:9959:22: error: 'mutex' is not a member of 'std'
     std::unique_lock<std::mutex> lock(mutex_);
                      ^~~
httplib.h:9959:32: error: template argument 1 is invalid
     std::unique_lock<std::mutex> lock(mutex_);
                                ^
httplib.h:9959:39: error: 'mutex_' was not declared in this scope
     std::unique_lock<std::mutex> lock(mutex_);
                                       ^~~~~~
httplib.h:9968:18: error: request for member 'size' in 
'((httplib::ThreadPool*)this)->httplib::ThreadPool::threads_', which 
is of non-class type 'int'
         threads_.size() + dynamic_threads_.size() < 
max_thread_count_) {
                  ^~~~
httplib.h:9968:44: error: request for member 'size' in '((httplib::Thr
eadPool*)this)->httplib::ThreadPool::dynamic_threads_', which is of 
non-class type 'int'
         threads_.size() + dynamic_threads_.size() < 
max_thread_count_) {
                                            ^~~~
httplib.h:9970:24: error: request for member 'emplace_back' in '((http
lib::ThreadPool*)this)->httplib::ThreadPool::dynamic_threads_', which 
is of non-class type 'int'
       dynamic_threads_.emplace_back(std::thread([this]() { 
worker(true); }));
                        ^~~~~~~~~~~~
httplib.h:9970:37: error: 'thread' is not a member of 'std'
       dynamic_threads_.emplace_back(std::thread([this]() { 
worker(true); }));
                                     ^~~
httplib.h:9974:3: error: 'cond_' was not declared in this scope
   cond_.notify_one();
   ^~~~~
httplib.h: In member function 'virtual void 
httplib::ThreadPool::shutdown()':
httplib.h:9980:22: error: 'mutex' is not a member of 'std'
     std::unique_lock<std::mutex> lock(mutex_);
                      ^~~
httplib.h:9980:32: error: template argument 1 is invalid
     std::unique_lock<std::mutex> lock(mutex_);
                                ^
httplib.h:9980:39: error: 'mutex_' was not declared in this scope
     std::unique_lock<std::mutex> lock(mutex_);
                                       ^~~~~~
httplib.h:9984:3: error: 'cond_' was not declared in this scope
   cond_.notify_all();
   ^~~~~
httplib.h:9986:18: error: 'begin' was not declared in this scope
   for (auto &t : threads_) {
                  ^~~~~~~~
httplib.h:9986:18: note: suggested alternative:
In file included from 
c:\mingw\lib\gcc\mingw32\6.3.0\include\c++\string:51:0,
                 from 
c:\mingw\lib\gcc\mingw32\6.3.0\include\c++\stdexcept:39,
                 from 
c:\mingw\lib\gcc\mingw32\6.3.0\include\c++\array:39,
                 from httplib.h:305,
                 from civilization_mapper.cpp:27:
c:\mingw\lib\gcc\mingw32\6.3.0\include\c++\bits\range_access.h:105:37:
 note:   'std::begin'
   template<typename _Tp> const _Tp* begin(const valarray<_Tp>&);
                                     ^~~~~
In file included from civilization_mapper.cpp:27:0:
httplib.h:9986:18: error: 'end' was not declared in this scope
   for (auto &t : threads_) {
                  ^~~~~~~~
httplib.h:9986:18: note: suggested alternative:
In file included from 
c:\mingw\lib\gcc\mingw32\6.3.0\include\c++\string:51:0,
                 from 
c:\mingw\lib\gcc\mingw32\6.3.0\include\c++\stdexcept:39,
                 from 
c:\mingw\lib\gcc\mingw32\6.3.0\include\c++\array:39,
                 from httplib.h:305,
                 from civilization_mapper.cpp:27:
c:\mingw\lib\gcc\mingw32\6.3.0\include\c++\bits\range_access.h:107:37:
 note:   'std::end'
   template<typename _Tp> const _Tp* end(const valarray<_Tp>&);
                                     ^~~
In file included from civilization_mapper.cpp:27:0:
httplib.h:9992:13: error: 'thread' is not a member of 'std'
   std::list<std::thread> remaining_dynamic;
             ^~~
httplib.h:9992:24: error: template argument 1 is invalid
   std::list<std::thread> remaining_dynamic;
                        ^
httplib.h:9992:24: error: template argument 2 is invalid
httplib.h:9994:22: error: 'mutex' is not a member of 'std'
     std::unique_lock<std::mutex> lock(mutex_);
                      ^~~
httplib.h:9994:32: error: template argument 1 is invalid
     std::unique_lock<std::mutex> lock(mutex_);
                                ^
httplib.h:9994:39: error: 'mutex_' was not declared in this scope
     std::unique_lock<std::mutex> lock(mutex_);
                                       ^~~~~~
httplib.h:9997:18: error: 'begin' was not declared in this scope
   for (auto &t : remaining_dynamic) {
                  ^~~~~~~~~~~~~~~~~
httplib.h:9997:18: note: suggested alternative:
In file included from 
c:\mingw\lib\gcc\mingw32\6.3.0\include\c++\string:51:0,
                 from 
c:\mingw\lib\gcc\mingw32\6.3.0\include\c++\stdexcept:39,
                 from 
c:\mingw\lib\gcc\mingw32\6.3.0\include\c++\array:39,
                 from httplib.h:305,
                 from civilization_mapper.cpp:27:
c:\mingw\lib\gcc\mingw32\6.3.0\include\c++\bits\range_access.h:105:37:
 note:   'std::begin'
   template<typename _Tp> const _Tp* begin(const valarray<_Tp>&);
                                     ^~~~~
In file included from civilization_mapper.cpp:27:0:
httplib.h:9997:18: error: 'end' was not declared in this scope
   for (auto &t : remaining_dynamic) {
                  ^~~~~~~~~~~~~~~~~
httplib.h:9997:18: note: suggested alternative:
In file included from 
c:\mingw\lib\gcc\mingw32\6.3.0\include\c++\string:51:0,
                 from 
c:\mingw\lib\gcc\mingw32\6.3.0\include\c++\stdexcept:39,
                 from 
c:\mingw\lib\gcc\mingw32\6.3.0\include\c++\array:39,
                 from httplib.h:305,
                 from civilization_mapper.cpp:27:
c:\mingw\lib\gcc\mingw32\6.3.0\include\c++\bits\range_access.h:107:37:
 note:   'std::end'
   template<typename _Tp> const _Tp* end(const valarray<_Tp>&);
                                     ^~~
In file included from civilization_mapper.cpp:27:0:
httplib.h:10001:20: error: 'mutex' is not a member of 'std'
   std::unique_lock<std::mutex> lock(mutex_);
                    ^~~
httplib.h:10001:30: error: template argument 1 is invalid
   std::unique_lock<std::mutex> lock(mutex_);
                              ^
httplib.h:10001:37: error: 'mutex_' was not declared in this scope
   std::unique_lock<std::mutex> lock(mutex_);
                                     ^~~~~~
httplib.h: At global scope:
httplib.h:10005:47: error: variable or field 'move_to_finished' 
declared void
 inline void ThreadPool::move_to_finished(std::thread::id id) {
                                               ^~~~~~
httplib.h:10005:47: error: 'std::thread' has not been declared
civilization_mapper.cpp:528:1: error: expected '}' at end of input
 }
 ^
In file included from civilization_mapper.cpp:27:0:
httplib.h: In instantiation of 'ssize_t 
httplib::detail::handle_EINTR(T) [with T = 
httplib::detail::select_impl(socket_t, short int, time_t, 
time_t)::<lambda()>; ssize_t = int]':
httplib.h:5473:71:   required from here
httplib.h:5421:9: error: void value not ignored as it ought to be
     res = fn();
     ~~~~^~~~~~
httplib.h: In instantiation of 'ssize_t 
httplib::detail::handle_EINTR(T) [with T = 
httplib::detail::wait_until_socket_is_ready(socket_t, time_t, 
time_t)::<lambda()>; ssize_t = int]':
httplib.h:5494:73:   required from here
httplib.h:5421:9: error: void value not ignored as it ought to be
httplib.h: In instantiation of 'httplib::detail::create_socket(const 
string&, const string&, int, int, int, bool, bool, 
httplib::SocketOptions, BindOrConnect, time_t)::<lambda()> [with 
BindOrConnect = httplib::detail::create_client_socket(const string&, 
const string&, int, int, bool, bool, httplib::SocketOptions, time_t, 
time_t, time_t, time_t, time_t, time_t, const string&, 
httplib::Error&)::<lambda(socket_t, addrinfo&, bool&)>]':
httplib.h:6083:51:   required from 'struct 
httplib::detail::create_socket(const string&, const string&, int, 
int, int, bool, bool, httplib::SocketOptions, BindOrConnect, time_t) 
[with BindOrConnect = httplib::detail::create_client_socket(const 
string&, const string&, int, int, bool, bool, httplib::SocketOptions, 
time_t, time_t, time_t, time_t, time_t, time_t, const string&, 
httplib::Error&)::<lambda(socket_t, addrinfo&, bool&)>; socket_t = 
unsigned int; std::__cxx11::string = 
std::__cxx11::basic_string<char>; httplib::SocketOptions = 
std::function<void(unsigned int)>; time_t = long int]::<lambda()>'
httplib.h:6083:21:   required from 'socket_t 
httplib::detail::create_socket(const string&, const string&, int, 
int, int, bool, bool, httplib::SocketOptions, BindOrConnect, time_t) 
[with BindOrConnect = httplib::detail::create_client_socket(const 
string&, const string&, int, int, bool, bool, httplib::SocketOptions, 
time_t, time_t, time_t, time_t, time_t, time_t, const string&, 
httplib::Error&)::<lambda(socket_t, addrinfo&, bool&)>; socket_t = 
unsigned int; std::__cxx11::string = 
std::__cxx11::basic_string<char>; httplib::SocketOptions = 
std::function<void(unsigned int)>; time_t = long int]'
httplib.h:6284:29:   required from here
httplib.h:6083:50: error: 'freeaddrinfo' was not declared in this 
scope
   auto se = detail::scope_exit([&] { freeaddrinfo(result); });
                                      ~~~~~~~~~~~~^~~~~~~~
